4000, 100 x 200 x 20mpa Internal Beam, $68.00

0a360e10-4e35-4e94-bd80-2e8bd6c749f1, Under Slab Sand 150mm, $77.24

7f3c48c4-f8b6-453f-b2fa-83ec31dfa85c, Bobcat to Dig LM of Strip Footing, $800.00

