[
    {
        "Id": "1",
        "Name": "100 x 200 x 20mpa Internal Beam",
        "Price": 40.0
    },
    {
        "Id": "0",
        "Name": "100 x 350 Thickened Edge",
        "Price": 35.0
    },
    {
        "Id": "2",
        "Name": "1000 x 1000 x 350 x 20mpa Square Pad Footing",
        "Price": 12.25
    },
    {
        "Id": "3",
        "Name": "100mm x 25mpa Slab",
        "Price": 202.35
    },
    {
        "Id": "4",
        "Name": "100mm x 32 mpa Slab",
        "Price": 22.5
    },
    {
        "Id": "6",
        "Name": "100 x 200 x 20mpa Internal Beam",
        "Price": 2.0
    },
    {
        "Id": "7",
        "Name": "11 x 200 Trench Mesh",
        "Price": 14.96
    }
]